============================= test session starts =============================
platform win32 -- Python 3.13.1, pytest-8.4.2, pluggy-1.5.0 -- C:\Python313\python.exe
cachedir: .pytest_cache
rootdir: D:\Github\dataanalytics-project
configfile: setup.cfg
plugins: anyio-4.11.0, cov-7.0.0
collecting ... collected 18 items

tests/unit/test_data_generators.py::TestTransactionGenerator::test_generate_transactions FAILED [  5%]
tests/unit/test_data_generators.py::TestTransactionGenerator::test_save_to_csv FAILED [ 11%]
tests/unit/test_data_generators.py::TestProductGenerator::test_generate_products FAILED [ 16%]
tests/unit/test_data_generators.py::TestProductGenerator::test_save_to_json FAILED [ 22%]
tests/unit/test_data_generators.py::TestClickstreamGenerator::test_generate_session_events FAILED [ 27%]
tests/unit/test_data_generators.py::TestReviewGenerator::test_generate_review FAILED [ 33%]
tests/unit/test_lambda_functions.py::TestFileValidator::test_detect_data_type FAILED [ 38%]
tests/unit/test_lambda_functions.py::TestFileValidator::test_validate_format FAILED [ 44%]
tests/unit/test_lambda_functions.py::TestDataQualityCheck::test_data_quality_checker_initialization FAILED [ 50%]
tests/unit/test_lambda_functions.py::TestDataQualityCheck::test_get_summary FAILED [ 55%]
tests/unit/test_s3_helper.py::TestS3Helper::test_upload_file PASSED      [ 61%]
tests/unit/test_s3_helper.py::TestS3Helper::test_object_exists PASSED    [ 66%]
tests/unit/test_s3_helper.py::TestS3Helper::test_list_objects PASSED     [ 72%]
tests/unit/test_utils.py::TestAthenaHelper::test_initialization PASSED   [ 77%]
tests/unit/test_utils.py::TestAthenaHelper::test_default_initialization PASSED [ 83%]
tests/unit/test_utils.py::TestGlueHelper::test_initialization PASSED     [ 88%]
tests/unit/test_utils.py::TestLogger::test_setup_logger PASSED           [ 94%]
tests/unit/test_utils.py::TestLogger::test_get_logger PASSED             [100%]

================================== FAILURES ===================================
_____________ TestTransactionGenerator.test_generate_transactions _____________
tests\unit\test_data_generators.py:18: in test_generate_transactions
    from src.data_generators.generate_transactions import TransactionGenerator
E   ModuleNotFoundError: No module named 'src.data_generators'
__________________ TestTransactionGenerator.test_save_to_csv __________________
tests\unit\test_data_generators.py:46: in test_save_to_csv
    from src.data_generators.generate_transactions import TransactionGenerator
E   ModuleNotFoundError: No module named 'src.data_generators'
_________________ TestProductGenerator.test_generate_products _________________
tests\unit\test_data_generators.py:78: in test_generate_products
    from src.data_generators.generate_products import ProductGenerator
E   ModuleNotFoundError: No module named 'src.data_generators'
___________________ TestProductGenerator.test_save_to_json ____________________
tests\unit\test_data_generators.py:98: in test_save_to_json
    from src.data_generators.generate_products import ProductGenerator
E   ModuleNotFoundError: No module named 'src.data_generators'
____________ TestClickstreamGenerator.test_generate_session_events ____________
tests\unit\test_data_generators.py:132: in test_generate_session_events
    from src.data_generators.generate_clickstream import ClickstreamGenerator
E   ModuleNotFoundError: No module named 'src.data_generators'
__________________ TestReviewGenerator.test_generate_review ___________________
tests\unit\test_data_generators.py:157: in test_generate_review
    from src.data_generators.generate_reviews import ReviewGenerator
E   ModuleNotFoundError: No module named 'src.data_generators'
___________________ TestFileValidator.test_detect_data_type ___________________
tests\unit\test_lambda_functions.py:15: in test_detect_data_type
    from src.ingestion.file_validator import FileValidator
src\ingestion\file_validator.py:17: in <module>
    dynamodb = boto3.resource('dynamodb')
               ^^^^^^^^^^^^^^^^^^^^^^^^^^
C:\Users\johnb\AppData\Roaming\Python\Python313\site-packages\boto3\__init__.py:102: in resource
    return _get_default_session().resource(*args, **kwargs)
           ^^^^^^^^^^^^^^^^^^^^^^^^^^^^^^^^^^^^^^^^^^^^^^^^
C:\Users\johnb\AppData\Roaming\Python\Python313\site-packages\boto3\session.py:475: in resource
    client = self.client(
C:\Users\johnb\AppData\Roaming\Python\Python313\site-packages\boto3\session.py:337: in client
    return self._session.create_client(
C:\Users\johnb\AppData\Roaming\Python\Python313\site-packages\botocore\context.py:123: in wrapper
    return func(*args, **kwargs)
           ^^^^^^^^^^^^^^^^^^^^^
C:\Users\johnb\AppData\Roaming\Python\Python313\site-packages\botocore\session.py:1029: in create_client
    client = client_creator.create_client(
C:\Users\johnb\AppData\Roaming\Python\Python313\site-packages\botocore\client.py:157: in create_client
    client_args = self._get_client_args(
C:\Users\johnb\AppData\Roaming\Python\Python313\site-packages\botocore\client.py:557: in _get_client_args
    return args_creator.get_client_args(
C:\Users\johnb\AppData\Roaming\Python\Python313\site-packages\botocore\args.py:121: in get_client_args
    final_args = self.compute_client_args(
C:\Users\johnb\AppData\Roaming\Python\Python313\site-packages\botocore\args.py:245: in compute_client_args
    endpoint_config = self._compute_endpoint_config(
C:\Users\johnb\AppData\Roaming\Python\Python313\site-packages\botocore\args.py:433: in _compute_endpoint_config
    return self._resolve_endpoint(**resolve_endpoint_kwargs)
           ^^^^^^^^^^^^^^^^^^^^^^^^^^^^^^^^^^^^^^^^^^^^^^^^^
C:\Users\johnb\AppData\Roaming\Python\Python313\site-packages\botocore\args.py:538: in _resolve_endpoint
    return endpoint_bridge.resolve(
C:\Users\johnb\AppData\Roaming\Python\Python313\site-packages\botocore\client.py:671: in resolve
    resolved = self.endpoint_resolver.construct_endpoint(
C:\Users\johnb\AppData\Roaming\Python\Python313\site-packages\botocore\regions.py:233: in construct_endpoint
    result = self._endpoint_for_partition(
C:\Users\johnb\AppData\Roaming\Python\Python313\site-packages\botocore\regions.py:281: in _endpoint_for_partition
    raise NoRegionError()
E   botocore.exceptions.NoRegionError: You must specify a region.
___________________ TestFileValidator.test_validate_format ____________________
tests\unit\test_lambda_functions.py:39: in test_validate_format
    from src.ingestion.file_validator import FileValidator
src\ingestion\file_validator.py:17: in <module>
    dynamodb = boto3.resource('dynamodb')
               ^^^^^^^^^^^^^^^^^^^^^^^^^^
C:\Users\johnb\AppData\Roaming\Python\Python313\site-packages\boto3\__init__.py:102: in resource
    return _get_default_session().resource(*args, **kwargs)
           ^^^^^^^^^^^^^^^^^^^^^^^^^^^^^^^^^^^^^^^^^^^^^^^^
C:\Users\johnb\AppData\Roaming\Python\Python313\site-packages\boto3\session.py:475: in resource
    client = self.client(
C:\Users\johnb\AppData\Roaming\Python\Python313\site-packages\boto3\session.py:337: in client
    return self._session.create_client(
C:\Users\johnb\AppData\Roaming\Python\Python313\site-packages\botocore\context.py:123: in wrapper
    return func(*args, **kwargs)
           ^^^^^^^^^^^^^^^^^^^^^
C:\Users\johnb\AppData\Roaming\Python\Python313\site-packages\botocore\session.py:1029: in create_client
    client = client_creator.create_client(
C:\Users\johnb\AppData\Roaming\Python\Python313\site-packages\botocore\client.py:157: in create_client
    client_args = self._get_client_args(
C:\Users\johnb\AppData\Roaming\Python\Python313\site-packages\botocore\client.py:557: in _get_client_args
    return args_creator.get_client_args(
C:\Users\johnb\AppData\Roaming\Python\Python313\site-packages\botocore\args.py:121: in get_client_args
    final_args = self.compute_client_args(
C:\Users\johnb\AppData\Roaming\Python\Python313\site-packages\botocore\args.py:245: in compute_client_args
    endpoint_config = self._compute_endpoint_config(
C:\Users\johnb\AppData\Roaming\Python\Python313\site-packages\botocore\args.py:433: in _compute_endpoint_config
    return self._resolve_endpoint(**resolve_endpoint_kwargs)
           ^^^^^^^^^^^^^^^^^^^^^^^^^^^^^^^^^^^^^^^^^^^^^^^^^
C:\Users\johnb\AppData\Roaming\Python\Python313\site-packages\botocore\args.py:538: in _resolve_endpoint
    return endpoint_bridge.resolve(
C:\Users\johnb\AppData\Roaming\Python\Python313\site-packages\botocore\client.py:671: in resolve
    resolved = self.endpoint_resolver.construct_endpoint(
C:\Users\johnb\AppData\Roaming\Python\Python313\site-packages\botocore\regions.py:233: in construct_endpoint
    result = self._endpoint_for_partition(
C:\Users\johnb\AppData\Roaming\Python\Python313\site-packages\botocore\regions.py:281: in _endpoint_for_partition
    raise NoRegionError()
E   botocore.exceptions.NoRegionError: You must specify a region.
________ TestDataQualityCheck.test_data_quality_checker_initialization ________
tests\unit\test_lambda_functions.py:59: in test_data_quality_checker_initialization
    from src.transformation.lambda_functions.data_quality_check import DataQualityChecker
E   ModuleNotFoundError: No module named 'src.transformation.lambda_functions.data_quality_check'
____________________ TestDataQualityCheck.test_get_summary ____________________
tests\unit\test_lambda_functions.py:74: in test_get_summary
    from src.transformation.lambda_functions.data_quality_check import DataQualityChecker
E   ModuleNotFoundError: No module named 'src.transformation.lambda_functions.data_quality_check'
============================== warnings summary ===============================
C:\Users\johnb\AppData\Roaming\Python\Python313\site-packages\dateutil\tz\tz.py:37
  C:\Users\johnb\AppData\Roaming\Python\Python313\site-packages\dateutil\tz\tz.py:37: DeprecationWarning: datetime.datetime.utcfromtimestamp() is deprecated and scheduled for removal in a future version. Use timezone-aware objects to represent datetimes in UTC: datetime.datetime.fromtimestamp(timestamp, datetime.UTC).
    EPOCH = datetime.datetime.utcfromtimestamp(0)

-- Docs: https://docs.pytest.org/en/stable/how-to/capture-warnings.html
=============================== tests coverage ================================
_______________ coverage: platform win32, python 3.13.1-final-0 _______________

Name                                              Stmts   Miss   Cover   Missing
--------------------------------------------------------------------------------
src\data-generators\__init__.py                       1      1   0.00%   3
src\data-generators\generate_clickstream.py         103    103   0.00%   4-195
src\data-generators\generate_products.py             69     69   0.00%   4-140
src\data-generators\generate_reviews.py              85     85   0.00%   4-177
src\data-generators\generate_transactions.py         73     73   0.00%   4-133
src\ingestion\__init__.py                             1      0 100.00%
src\ingestion\file_validator.py                     155    144   7.10%   21-311
src\transformation\lambda_functions\__init__.py       0      0 100.00%
src\utils\__init__.py                                 1      0 100.00%
src\utils\athena_helper.py                           95     73  23.16%   47-70, 84-105, 119-146, 160-161, 176-179, 194-195, 211-223, 236-242, 256-266
src\utils\glue_helper.py                            123    104  15.45%   31-43, 56-71, 86-107, 119-128, 140-150, 164-184, 196-201, 214-222, 235-250, 266-289
src\utils\logger.py                                  20      4  80.00%   42-45
src\utils\s3_helper.py                               94     57  39.36%   37-39, 53-60, 84-86, 99-105, 121-132, 145-155, 185-200, 214-227
--------------------------------------------------------------------------------
TOTAL                                               820    713  13.05%
Coverage HTML written to dir htmlcov
Coverage XML written to file coverage.xml
=========================== short test summary info ===========================
FAILED tests/unit/test_data_generators.py::TestTransactionGenerator::test_generate_transactions - ModuleNotFoundError: No module named 'src.data_generators'
FAILED tests/unit/test_data_generators.py::TestTransactionGenerator::test_save_to_csv - ModuleNotFoundError: No module named 'src.data_generators'
FAILED tests/unit/test_data_generators.py::TestProductGenerator::test_generate_products - ModuleNotFoundError: No module named 'src.data_generators'
FAILED tests/unit/test_data_generators.py::TestProductGenerator::test_save_to_json - ModuleNotFoundError: No module named 'src.data_generators'
FAILED tests/unit/test_data_generators.py::TestClickstreamGenerator::test_generate_session_events - ModuleNotFoundError: No module named 'src.data_generators'
FAILED tests/unit/test_data_generators.py::TestReviewGenerator::test_generate_review - ModuleNotFoundError: No module named 'src.data_generators'
FAILED tests/unit/test_lambda_functions.py::TestFileValidator::test_detect_data_type - botocore.exceptions.NoRegionError: You must specify a region.
FAILED tests/unit/test_lambda_functions.py::TestFileValidator::test_validate_format - botocore.exceptions.NoRegionError: You must specify a region.
FAILED tests/unit/test_lambda_functions.py::TestDataQualityCheck::test_data_quality_checker_initialization - ModuleNotFoundError: No module named 'src.transformation.lambda_functions.data_quality_check'
FAILED tests/unit/test_lambda_functions.py::TestDataQualityCheck::test_get_summary - ModuleNotFoundError: No module named 'src.transformation.lambda_functions.data_quality_check'
================== 10 failed, 8 passed, 1 warning in 29.14s ===================
